PS D:\UF STuff\Fall 2022\distributedOperatingSystem\learnEarlang> cd src.
PS D:\UF STuff\Fall 2022\distributedOperatingSystem\learnEarlang\src> erl -name Worker@127.0.0.1 -setCookie lohit
Eshell V13.0.4  (abort with ^G)
(Worker@127.0.0.1)1> nodes().
['Miner@127.0.0.1']
(Worker@127.0.0.1)2> c(cryptoWorker).
{ok,cryptoWorker}
(Worker@127.0.0.1)3> {ok,WorkerPid} = cryptoWorker:start_link().
Worker Started at Pid <0.96.0>
{ok,<0.96.0>}
(Worker@127.0.0.1)4> WorkerPid.
<0.96.0>
(Worker@127.0.0.1)5> {self(), 'Miner@127.0.0.1'} ! WorkerPid.
** exception error: bad argument
PS D:\UF STuff\Fall 2022\distributedOperatingSystem\learnEarlang\src> erl -name Worker@127.0.0.1 -setCookie lohit
Eshell V13.0.4  (abort with ^G)
(Worker@127.0.0.1)1> nodes().
['Miner@127.0.0.1']
(Worker@127.0.0.1)2> c(cryptoWorker).
{ok,cryptoWorker}
(Worker@127.0.0.1)3> {minerProcess, 'Miner@127.0.0.1'} ! {worker,cryptoWorker}.
{worker,cryptoWorker}
(Worker@127.0.0.1)4> {ok,WorkerPid} = cryptoWorker:start_link().
Worker Started at Pid <0.97.0>
{ok,<0.97.0>}
(Worker@127.0.0.1)5> WorkerPid.
<0.97.0>
(Worker@127.0.0.1)6> {minerProcess, 'Miner@127.0.0.1'} ! {worker,WorkerPid}.
{worker,<0.97.0>}
(Worker@127.0.0.1)7> nodes().
['Miner@127.0.0.1']
(Worker@127.0.0.1)8> c(cryptoWorker).
{ok,cryptoWorker}
(Worker@127.0.0.1)9> {ok,WorkerPid} = crypto_worker:start_link().
** exception error: undefined function crypto_worker:start_link/0
(Worker@127.0.0.1)10> {ok,WorkerPid} = cryptoWorker:start_link().
Worker Started at Pid <0.112.0>
** exception error: no match of right hand side value {ok,<0.112.0>}
(Worker@127.0.0.1)11> f().
ok
(Worker@127.0.0.1)12> c(cryptoWorker).
{ok,cryptoWorker}
(Worker@127.0.0.1)13> {ok,WorkerPid} = cryptoWorker:start_link().
Worker Started at Pid <0.121.0>
{ok,<0.121.0>}
(Worker@127.0.0.1)14> {miner,'Miner@127.0.0.1'} ! {worker,WorkerPid}.
{worker,<0.121.0>}
(Worker@127.0.0.1)15> cryptoWorker:main_loop().
Hash String is: "lohitBhambri;KsZ1/UTv1ak="




PS D:\UF STuff\Fall 2022\distributedOperatingSystem\learnEarlang\src> erl -name Worker@192.168.19.181
Eshell V13.0.4  (abort with ^G)
(Worker@192.168.19.181)1> erlang:get_cookie().
'VQMPMAGHABFGHAVVTNLP'
PS D:\UF STuff\Fall 2022\distributedOperatingSystem\learnEarlang\src> erl -name Worker@192.168.19.181 -setCookie 'india'
Eshell V13.0.4  (abort with ^G)
(Worker@192.168.19.181)1> erlang:get_cookie().
'VQMPMAGHABFGHAVVTNLP'
(Worker@192.168.19.181)2> erlang:set_cookie('india').
true
(Worker@192.168.19.181)3> erlang:get_cookie().
india
(Worker@192.168.19.181)4> nodes().
['Miner@192.168.19.234']
(Worker@192.168.19.181)5> c(cryptoWorker).
{ok,cryptoWorker}
(Worker@192.168.19.181)6> {ok,WorkerPid} = cryptoWorker:start_link().
Worker Started at Pid <0.99.0>
{ok,<0.99.0>}
(Worker@192.168.19.181)7> WorkerPid.
<0.99.0>
(Worker@192.168.19.181)8> {minerProcess, 'Miner@192.168.19.234'} ! {worker,WorkerPid}.
{worker,<0.99.0>}
(Worker@192.168.19.181)9> {miner, 'Miner@192.168.19.234'} ! {worker,WorkerPid}.
{worker,<0.99.0>}
(Worker@192.168.19.181)10> Input String's "lohitBhambri;OyNtR7/BAeg=" hashed result is "0000f3c07442fa53ca17452af517e8b7030802a92ec2550c69fb07f01d04dbfc"
(Worker@192.168.19.181)10>
